com\lfj\demo\SpringSecurityDemoApplication.class
com\lfj\demo\controller\OrderController.class
com\lfj\demo\config\KaptchaConfig.class
com\lfj\demo\Service\IOrderDetailService.class
com\lfj\demo\controller\CartController.class
com\lfj\demo\mapper\CartMapper.class
com\lfj\demo\model\po\OrderLogistics.class
com\lfj\demo\mapper\OrderMapper.class
com\lfj\demo\Service\IOrderService.class
com\lfj\demo\model\po\Item.class
com\lfj\demo\handler\AccessDeniedHandlerImpl.class
com\lfj\demo\constants\StoreConstans.class
com\lfj\demo\mapper\User_RoleMapper.class
com\lfj\demo\MQ\StoreListener.class
com\lfj\demo\constants\MqConstants.class
com\lfj\demo\model\vo\LoginUser.class
com\lfj\demo\model\vo\User_Role.class
com\lfj\demo\utils\JwtUtil.class
com\lfj\demo\Service\Impl\UserDetailsServiceImpl.class
com\lfj\demo\Service\LoginService.class
com\lfj\demo\model\dto\ItemResult.class
com\lfj\demo\model\po\Order.class
com\lfj\demo\Service\Impl\OrderServiceImpl.class
com\lfj\demo\Service\IPayOrderService.class
com\lfj\demo\Service\Impl\CartServiceImpl.class
com\lfj\demo\Service\ICartService.class
com\lfj\demo\model\po\Cart.class
com\lfj\demo\mapper\PayOrderMapper.class
com\lfj\demo\utils\FastJsonRedisSerializer.class
com\lfj\demo\utils\SnowflakeIdGenerator.class
com\lfj\demo\controller\PayController.class
com\lfj\demo\Service\Impl\OrderLogisticsServiceImpl.class
com\lfj\demo\config\SecurityConfig.class
com\lfj\demo\utils\ResponseResult.class
com\lfj\demo\config\MqConfig.class
com\lfj\demo\controller\ItemController.class
com\lfj\demo\Service\RegisterService.class
com\lfj\demo\model\dto\User.class
com\lfj\demo\Service\IItemService.class
com\lfj\demo\mapper\OrderLogisticsMapper.class
com\lfj\demo\Service\Impl\ItemServiceImpl.class
com\lfj\demo\controller\AddressController.class
com\lfj\demo\model\po\PayOrder.class
com\lfj\demo\mapper\AuthorityMenuMapper.class
com\lfj\demo\Service\Impl\RegisterServiceImpl.class
com\lfj\demo\handler\AuthenticationEntryPointImpl.class
com\lfj\demo\utils\RedisCache.class
com\lfj\demo\config\CorsConfig.class
com\lfj\demo\Filter\JwtAuthenticationTokenFilter.class
com\lfj\demo\mapper\UserMapper.class
com\lfj\demo\Service\IAddressService.class
com\lfj\demo\config\RedisConfig.class
com\lfj\demo\controller\RegisterCotroller.class
com\lfj\demo\mapper\OrderDetailMapper.class
com\lfj\demo\model\dto\ItemDoc.class
com\lfj\demo\controller\LoginController.class
com\lfj\demo\model\vo\AuthorityMenu.class
com\lfj\demo\handler\SGLogoutSuccessHandler.class
com\lfj\demo\Service\Impl\PayOrderServiceImpl.class
com\lfj\demo\Service\IOrderLogisticsService.class
com\lfj\demo\mapper\ItemMapper.class
com\lfj\demo\Service\Impl\AddressServiceImpl.class
com\lfj\demo\Service\Impl\OrderDetailServiceImpl.class
com\lfj\demo\Service\Impl\LoginServiceImpl.class
com\lfj\demo\model\po\Address.class
com\lfj\demo\controller\CaptchaController.class
com\lfj\demo\utils\WebUtils.class
com\lfj\demo\mapper\AddressMapper.class
com\lfj\demo\controller\HelloController.class
com\lfj\demo\config\SessionConfig.class
com\lfj\demo\model\po\OrderDetail.class
