D:\SpringBootProject\SpringSecurity-store\src\main\java\com\lfj\demo\Service\RegisterService.java
D:\SpringBootProject\SpringSecurity-store\src\main\java\com\lfj\demo\controller\CartController.java
D:\SpringBootProject\SpringSecurity-store\src\main\java\com\lfj\demo\controller\ItemController.java
D:\SpringBootProject\SpringSecurity-store\src\main\java\com\lfj\demo\Service\Impl\AddressServiceImpl.java
D:\SpringBootProject\SpringSecurity-store\src\main\java\com\lfj\demo\config\MqConfig.java
D:\SpringBootProject\SpringSecurity-store\src\main\java\com\lfj\demo\config\SecurityConfig.java
D:\SpringBootProject\SpringSecurity-store\src\main\java\com\lfj\demo\controller\CaptchaController.java
D:\SpringBootProject\SpringSecurity-store\src\main\java\com\lfj\demo\config\SessionConfig.java
D:\SpringBootProject\SpringSecurity-store\src\main\java\com\lfj\demo\model\po\OrderDetail.java
D:\SpringBootProject\SpringSecurity-store\src\main\java\com\lfj\demo\config\TomcatConfig.java
D:\SpringBootProject\SpringSecurity-store\src\main\java\com\lfj\demo\model\po\Order.java
D:\SpringBootProject\SpringSecurity-store\src\main\java\com\lfj\demo\model\po\Cart.java
D:\SpringBootProject\SpringSecurity-store\src\main\java\com\lfj\demo\Service\ICartService.java
D:\SpringBootProject\SpringSecurity-store\src\main\java\com\lfj\demo\utils\RedisCache.java
D:\SpringBootProject\SpringSecurity-store\src\main\java\com\lfj\demo\handler\AccessDeniedHandlerImpl.java
D:\SpringBootProject\SpringSecurity-store\src\main\java\com\lfj\demo\controller\HelloController.java
D:\SpringBootProject\SpringSecurity-store\src\main\java\com\lfj\demo\config\KaptchaConfig.java
D:\SpringBootProject\SpringSecurity-store\src\main\java\com\lfj\demo\model\po\Address.java
D:\SpringBootProject\SpringSecurity-store\src\main\java\com\lfj\demo\handler\SGLogoutSuccessHandler.java
D:\SpringBootProject\SpringSecurity-store\src\main\java\com\lfj\demo\model\dto\User.java
D:\SpringBootProject\SpringSecurity-store\src\main\java\com\lfj\demo\SpringSecurityDemoApplication.java
D:\SpringBootProject\SpringSecurity-store\src\main\java\com\lfj\demo\config\CorsConfig.java
D:\SpringBootProject\SpringSecurity-store\src\main\java\com\lfj\demo\Filter\JwtAuthenticationTokenFilter.java
D:\SpringBootProject\SpringSecurity-store\src\main\java\com\lfj\demo\mapper\OrderLogisticsMapper.java
D:\SpringBootProject\SpringSecurity-store\src\main\java\com\lfj\demo\mapper\CartMapper.java
D:\SpringBootProject\SpringSecurity-store\src\main\java\com\lfj\demo\Service\IPayOrderService.java
D:\SpringBootProject\SpringSecurity-store\src\main\java\com\lfj\demo\handler\AuthenticationEntryPointImpl.java
D:\SpringBootProject\SpringSecurity-store\src\main\java\com\lfj\demo\controller\AddressController.java
D:\SpringBootProject\SpringSecurity-store\src\main\java\com\lfj\demo\Service\IOrderLogisticsService.java
D:\SpringBootProject\SpringSecurity-store\src\main\java\com\lfj\demo\utils\SnowflakeIdGenerator.java
D:\SpringBootProject\SpringSecurity-store\src\main\java\com\lfj\demo\controller\OrderController.java
D:\SpringBootProject\SpringSecurity-store\src\main\java\com\lfj\demo\Service\IOrderService.java
D:\SpringBootProject\SpringSecurity-store\src\main\java\com\lfj\demo\model\dto\ItemDoc.java
D:\SpringBootProject\SpringSecurity-store\src\main\java\com\lfj\demo\model\po\OrderLogistics.java
D:\SpringBootProject\SpringSecurity-store\src\main\java\com\lfj\demo\model\dto\ItemResult.java
D:\SpringBootProject\SpringSecurity-store\src\main\java\com\lfj\demo\Service\LoginService.java
D:\SpringBootProject\SpringSecurity-store\src\main\java\com\lfj\demo\model\vo\User_Role.java
D:\SpringBootProject\SpringSecurity-store\src\main\java\com\lfj\demo\Service\IOrderDetailService.java
D:\SpringBootProject\SpringSecurity-store\src\main\java\com\lfj\demo\controller\PayController.java
D:\SpringBootProject\SpringSecurity-store\src\main\java\com\lfj\demo\controller\LoginController.java
D:\SpringBootProject\SpringSecurity-store\src\main\java\com\lfj\demo\Service\Impl\OrderLogisticsServiceImpl.java
D:\SpringBootProject\SpringSecurity-store\src\main\java\com\lfj\demo\utils\FastJsonRedisSerializer.java
D:\SpringBootProject\SpringSecurity-store\src\main\java\com\lfj\demo\Service\Impl\ItemServiceImpl.java
D:\SpringBootProject\SpringSecurity-store\src\main\java\com\lfj\demo\mapper\AddressMapper.java
D:\SpringBootProject\SpringSecurity-store\src\main\java\com\lfj\demo\Service\Impl\PayOrderServiceImpl.java
D:\SpringBootProject\SpringSecurity-store\src\main\java\com\lfj\demo\utils\WebUtils.java
D:\SpringBootProject\SpringSecurity-store\src\main\java\com\lfj\demo\mapper\UserMapper.java
D:\SpringBootProject\SpringSecurity-store\src\main\java\com\lfj\demo\utils\JwtUtil.java
D:\SpringBootProject\SpringSecurity-store\src\main\java\com\lfj\demo\mapper\User_RoleMapper.java
D:\SpringBootProject\SpringSecurity-store\src\main\java\com\lfj\demo\Service\Impl\CartServiceImpl.java
D:\SpringBootProject\SpringSecurity-store\src\main\java\com\lfj\demo\Service\Impl\UserDetailsServiceImpl.java
D:\SpringBootProject\SpringSecurity-store\src\main\java\com\lfj\demo\utils\ResponseResult.java
D:\SpringBootProject\SpringSecurity-store\src\main\java\com\lfj\demo\constants\StoreConstans.java
D:\SpringBootProject\SpringSecurity-store\src\main\java\com\lfj\demo\mapper\OrderDetailMapper.java
D:\SpringBootProject\SpringSecurity-store\src\main\java\com\lfj\demo\Service\Impl\RegisterServiceImpl.java
D:\SpringBootProject\SpringSecurity-store\src\main\java\com\lfj\demo\mapper\OrderMapper.java
D:\SpringBootProject\SpringSecurity-store\src\main\java\com\lfj\demo\mapper\PayOrderMapper.java
D:\SpringBootProject\SpringSecurity-store\src\main\java\com\lfj\demo\model\po\PayOrder.java
D:\SpringBootProject\SpringSecurity-store\src\main\java\com\lfj\demo\Service\Impl\OrderDetailServiceImpl.java
D:\SpringBootProject\SpringSecurity-store\src\main\java\com\lfj\demo\Service\Impl\OrderServiceImpl.java
D:\SpringBootProject\SpringSecurity-store\src\main\java\com\lfj\demo\MQ\StoreListener.java
D:\SpringBootProject\SpringSecurity-store\src\main\java\com\lfj\demo\mapper\ItemMapper.java
D:\SpringBootProject\SpringSecurity-store\src\main\java\com\lfj\demo\Service\IItemService.java
D:\SpringBootProject\SpringSecurity-store\src\main\java\com\lfj\demo\controller\RegisterCotroller.java
D:\SpringBootProject\SpringSecurity-store\src\main\java\com\lfj\demo\mapper\AuthorityMenuMapper.java
D:\SpringBootProject\SpringSecurity-store\src\main\java\com\lfj\demo\model\vo\AuthorityMenu.java
D:\SpringBootProject\SpringSecurity-store\src\main\java\com\lfj\demo\Service\IAddressService.java
D:\SpringBootProject\SpringSecurity-store\src\main\java\com\lfj\demo\config\RedisConfig.java
D:\SpringBootProject\SpringSecurity-store\src\main\java\com\lfj\demo\controller\SearchController.java
D:\SpringBootProject\SpringSecurity-store\src\main\java\com\lfj\demo\Service\Impl\LoginServiceImpl.java
D:\SpringBootProject\SpringSecurity-store\src\main\java\com\lfj\demo\model\po\Item.java
D:\SpringBootProject\SpringSecurity-store\src\main\java\com\lfj\demo\model\vo\LoginUser.java
D:\SpringBootProject\SpringSecurity-store\src\main\java\com\lfj\demo\constants\MqConstants.java
