D:\SpringBootProject\Movies-demo-finally\src\main\java\com\lfj\moviesdemo\model\dto\PageResult.java
D:\SpringBootProject\Movies-demo-finally\src\main\java\com\lfj\moviesdemo\model\dto\movies.java
D:\SpringBootProject\Movies-demo-finally\src\main\java\com\lfj\moviesdemo\commen\Ruest.java
D:\SpringBootProject\Movies-demo-finally\src\main\java\com\lfj\moviesdemo\mapper\MoviesMapper.java
D:\SpringBootProject\Movies-demo-finally\src\main\java\com\lfj\moviesdemo\MoviesDemoApplication.java
D:\SpringBootProject\Movies-demo-finally\src\main\java\com\lfj\moviesdemo\service\moviesService.java
D:\SpringBootProject\Movies-demo-finally\src\main\java\com\lfj\moviesdemo\mq\MoviesListener.java
D:\SpringBootProject\Movies-demo-finally\src\main\java\com\lfj\moviesdemo\constants\MoviesConstans.java
D:\SpringBootProject\Movies-demo-finally\src\main\java\com\lfj\moviesdemo\service\impl\moviesServiceImpl.java
D:\SpringBootProject\Movies-demo-finally\src\main\java\com\lfj\moviesdemo\controller\MoviesController.java
D:\SpringBootProject\Movies-demo-finally\src\main\java\com\lfj\moviesdemo\config\MqConfig.java
D:\SpringBootProject\Movies-demo-finally\src\main\java\com\lfj\moviesdemo\constants\MqConstants.java
D:\SpringBootProject\Movies-demo-finally\src\main\java\com\lfj\moviesdemo\model\dto\moviesDoc.java
